
> client@0.0.0 build
> vite build

[36mvite v7.3.1 [32mbuilding client environment for production...[36m[39m
transforming...
[32mΓ£ô[39m 20 modules transformed.
node.exe : [31mΓ£ù[39m 
Build failed in 4.59s
At line:1 char:1
+ & "C:\Program 
Files\nodejs/node.exe" 
"C:\Program 
Files\nodejs/node_mo ...
+ ~~~~~~~~~~~~~~~~~~~~~~~~~~~
~~~~~~~~~~~~~~~~~~~~~~~~~~~~~
~~~~~~~~~~~~~
    + CategoryInfo           
   : NotSpecified: ([31mΓ£  
  ù[39m Build failed in 4   
 .59s:String) [], RemoteE    
xception
    + FullyQualifiedErrorId  
   : NativeCommandError
 
[31merror during build:
[31m[vite:esbuild] 
Transform failed with 1 
error:
D:/JAVA WEBDEV/Minor-Project/
client/src/pages/Settings.jsx
:220:26: ERROR: Unterminated 
regular expression[31m
file: [36mD:/JAVA WEBDEV/Min
or-Project/client/src/pages/S
ettings.jsx:220:26[31m
[33m
[33mUnterminated regular 
expression[33m
218 |              </div>
219 |              </div>
220 |          
</SidebarProvider>
    |                        
    ^
221 |      );
222 |  };
[31m
    at failureErrorWithLog 
(D:\JAVA WEBDEV\Minor-Project
\client\node_modules\esbuild\
lib\main.js:1467:15)
    at D:\JAVA WEBDEV\Minor-P
roject\client\node_modules\es
build\lib\main.js:736:50
    at 
responseCallbacks.<computed> 
(D:\JAVA WEBDEV\Minor-Project
\client\node_modules\esbuild\
lib\main.js:603:9)
    at handleIncomingPacket 
(D:\JAVA WEBDEV\Minor-Project
\client\node_modules\esbuild\
lib\main.js:658:12)
    at Socket.readFromStdout 
(D:\JAVA WEBDEV\Minor-Project
\client\node_modules\esbuild\
lib\main.js:581:7)
    at Socket.emit 
(node:events:518:28)
    at addChunk (node:interna
l/streams/readable:561:12)
    at 
readableAddChunkPushByteMode 
(node:internal/streams/readab
le:512:3)
    at Readable.push (node:in
ternal/streams/readable:392:5
)
    at Pipe.onStreamRead (nod
e:internal/stream_base_common
s:189:23)[39m
